depth=30 target=K classes=[22 45 123 437 701] refit=1
device: cuda
model_depth=30 target_blocks=(7, 15, 22, 29) class_labels=(22, 45, 123, 437, 701)

[constructor]  ==== flash_if_available=True (0/30), fused_if_available=True (fusing_add_ln=0/30, fusing_mlp=0/30) ==== 
    [VAR config ] embed_dim=1920, num_heads=30, depth=30, mlp_ratio=4.0
    [drop ratios ] drop_rate=0.0, attn_drop_rate=0.0, drop_path_rate=0.125 (tensor([0.0000, 0.0043, 0.0086, 0.0129, 0.0172, 0.0216, 0.0259, 0.0302, 0.0345,
        0.0388, 0.0431, 0.0474, 0.0517, 0.0560, 0.0603, 0.0647, 0.0690, 0.0733,
        0.0776, 0.0819, 0.0862, 0.0905, 0.0948, 0.0991, 0.1034, 0.1078, 0.1121,
        0.1164, 0.1207, 0.1250]))

[init_weights] VAR with init_std=0.0131762
device: cuda
per-level K-means: depth=30, target=K, levels=T1..T5, k=(16, 16, 16, 4, 4)
target_blocks=(7, 15, 22, 29) class_labels=(22, 45, 123, 437, 701)
collecting per-level FP θ₂ for K under None
  class 22 g_seed=22 ...
    T1: 1,305,600 θ₂, sum_w=98.120248
    T2: 652,800 θ₂, sum_w=49.060124
    T3: 326,400 θ₂, sum_w=24.530062
    T4: 163,200 θ₂, sum_w=12.265031
    T5: 81,600 θ₂, sum_w=6.132516
  class 45 g_seed=45 ...
    T1: 1,305,600 θ₂, sum_w=98.233180
    T2: 652,800 θ₂, sum_w=49.116590
    T3: 326,400 θ₂, sum_w=24.558295
    T4: 163,200 θ₂, sum_w=12.279148
    T5: 81,600 θ₂, sum_w=6.139574
  class 123 g_seed=123 ...
    T1: 1,305,600 θ₂, sum_w=98.340414
    T2: 652,800 θ₂, sum_w=49.170207
    T3: 326,400 θ₂, sum_w=24.585103
    T4: 163,200 θ₂, sum_w=12.292552
    T5: 81,600 θ₂, sum_w=6.146276
  class 437 g_seed=437 ...
    T1: 1,305,600 θ₂, sum_w=98.091569
    T2: 652,800 θ₂, sum_w=49.045784
    T3: 326,400 θ₂, sum_w=24.522892
    T4: 163,200 θ₂, sum_w=12.261446
    T5: 81,600 θ₂, sum_w=6.130723
  class 701 g_seed=701 ...
slurmstepd: error: *** JOB 958457 ON gn1222 CANCELLED AT 2026-06-19T20:36:09 ***
