depth=30 target=K classes=[22 45 123 437 701] refit=0
device: cuda
model_depth=30 target_blocks=(7, 15, 22, 29) class_labels=(22, 45, 123, 437, 701)

[constructor]  ==== flash_if_available=True (0/30), fused_if_available=True (fusing_add_ln=0/30, fusing_mlp=0/30) ==== 
    [VAR config ] embed_dim=1920, num_heads=30, depth=30, mlp_ratio=4.0
    [drop ratios ] drop_rate=0.0, attn_drop_rate=0.0, drop_path_rate=0.125 (tensor([0.0000, 0.0043, 0.0086, 0.0129, 0.0172, 0.0216, 0.0259, 0.0302, 0.0345,
        0.0388, 0.0431, 0.0474, 0.0517, 0.0560, 0.0603, 0.0647, 0.0690, 0.0733,
        0.0776, 0.0819, 0.0862, 0.0905, 0.0948, 0.0991, 0.1034, 0.1078, 0.1121,
        0.1164, 0.1207, 0.1250]))

[init_weights] VAR with init_std=0.0131762
device: cuda
per-level K-means: depth=30, target=K, levels=T1..T5, k=(16, 16, 16, 4, 4)
target_blocks=(7, 15, 22, 29) class_labels=(22, 45, 123, 437, 701)
collecting per-level FP θ₂ for K under uniform_int4
  class 22 g_seed=22 ...
    T1: 1,305,600 θ₂, sum_w=98.248112
    T2: 652,800 θ₂, sum_w=49.124056
    T3: 326,400 θ₂, sum_w=24.562028
    T4: 163,200 θ₂, sum_w=12.281014
    T5: 81,600 θ₂, sum_w=6.140507
  class 45 g_seed=45 ...
    T1: 1,305,600 θ₂, sum_w=98.237389
    T2: 652,800 θ₂, sum_w=49.118695
    T3: 326,400 θ₂, sum_w=24.559347
    T4: 163,200 θ₂, sum_w=12.279674
    T5: 81,600 θ₂, sum_w=6.139837
  class 123 g_seed=123 ...
    T1: 1,305,600 θ₂, sum_w=98.263496
    T2: 652,800 θ₂, sum_w=49.131748
    T3: 326,400 θ₂, sum_w=24.565874
    T4: 163,200 θ₂, sum_w=12.282937
    T5: 81,600 θ₂, sum_w=6.141469
  class 437 g_seed=437 ...
    T1: 1,305,600 θ₂, sum_w=98.246881
    T2: 652,800 θ₂, sum_w=49.123440
    T3: 326,400 θ₂, sum_w=24.561720
    T4: 163,200 θ₂, sum_w=12.280860
    T5: 81,600 θ₂, sum_w=6.140430
  class 701 g_seed=701 ...
    T1: 1,305,600 θ₂, sum_w=98.201973
    T2: 652,800 θ₂, sum_w=49.100986
    T3: 326,400 θ₂, sum_w=24.550493
    T4: 163,200 θ₂, sum_w=12.275247
    T5: 81,600 θ₂, sum_w=6.137623
T1: 6,528,000 samples, weight_sum=491.197852, fitting k=16 ...
  saved -> /home/jasonpan0930/var_research/VAR_polarQuant/polar_quant_dumps/theta2_kmeans_d30_T1/codebook.json
  backend=numpy_lloyd weighted_angle_mse=6.813946e-04
  T1 centroids: 0.108906, 0.219069, 0.315437, 0.404985, 0.490348, 0.572655, 0.652664, 0.731589, 0.810736, 0.891541, 0.974336, 1.059523, 1.147598, 1.240077, 1.340496, 1.456707
T2: 3,264,000 samples, weight_sum=245.598926, fitting k=16 ...
  saved -> /home/jasonpan0930/var_research/VAR_polarQuant/polar_quant_dumps/theta2_kmeans_d30_T2/codebook.json
  backend=numpy_lloyd weighted_angle_mse=4.600337e-04
  T2 centroids: 0.218970, 0.334412, 0.424168, 0.502480, 0.573896, 0.639439, 0.702022, 0.763961, 0.823939, 0.885060, 0.947817, 1.012311, 1.082498, 1.160548, 1.250180, 1.364823
T3: 1,632,000 samples, weight_sum=122.799463, fitting k=16 ...
  saved -> /home/jasonpan0930/var_research/VAR_polarQuant/polar_quant_dumps/theta2_kmeans_d30_T3/codebook.json
  backend=numpy_lloyd weighted_angle_mse=2.736662e-04
  T3 centroids: 0.332150, 0.432652, 0.506969, 0.570262, 0.623489, 0.673737, 0.719482, 0.765246, 0.808771, 0.854575, 0.900473, 0.951123, 1.004255, 1.067419, 1.141606, 1.239841
T4: 816,000 samples, weight_sum=61.399731, fitting k=4 ...
  saved -> /home/jasonpan0930/var_research/VAR_polarQuant/polar_quant_dumps/theta2_kmeans_d30_T4/codebook.json
  backend=numpy_lloyd weighted_angle_mse=1.927575e-03
  T4 centroids: 0.591125, 0.728033, 0.845914, 0.982600
T5: 408,000 samples, weight_sum=30.699866, fitting k=4 ...
  saved -> /home/jasonpan0930/var_research/VAR_polarQuant/polar_quant_dumps/theta2_kmeans_d30_T5/codebook.json
  backend=numpy_lloyd weighted_angle_mse=9.504139e-04
  T5 centroids: 0.671528, 0.769581, 0.848574, 0.934066
per-level codebooks done (K)
done (per-level)
