depth=30 target=V classes=[22 45 123 437 701] refit=0
device: cuda
model_depth=30 target_blocks=(7, 15, 22, 29) class_labels=(22, 45, 123, 437, 701)

[constructor]  ==== flash_if_available=True (0/30), fused_if_available=True (fusing_add_ln=0/30, fusing_mlp=0/30) ==== 
    [VAR config ] embed_dim=1920, num_heads=30, depth=30, mlp_ratio=4.0
    [drop ratios ] drop_rate=0.0, attn_drop_rate=0.0, drop_path_rate=0.125 (tensor([0.0000, 0.0043, 0.0086, 0.0129, 0.0172, 0.0216, 0.0259, 0.0302, 0.0345,
        0.0388, 0.0431, 0.0474, 0.0517, 0.0560, 0.0603, 0.0647, 0.0690, 0.0733,
        0.0776, 0.0819, 0.0862, 0.0905, 0.0948, 0.0991, 0.1034, 0.1078, 0.1121,
        0.1164, 0.1207, 0.1250]))

[init_weights] VAR with init_std=0.0131762
device: cuda
per-level K-means: depth=30, target=V, levels=T1..T5, k=(16, 16, 16, 4, 4)
target_blocks=(7, 15, 22, 29) class_labels=(22, 45, 123, 437, 701)
collecting per-level FP θ₂ for V under uniform_int4
  class 22 g_seed=22 ...
    T1: 1,305,600 θ₂, sum_w=3129.835366
    T2: 652,800 θ₂, sum_w=1564.917683
    T3: 326,400 θ₂, sum_w=782.458841
    T4: 163,200 θ₂, sum_w=391.229421
    T5: 81,600 θ₂, sum_w=195.614710
  class 45 g_seed=45 ...
    T1: 1,305,600 θ₂, sum_w=3131.210817
    T2: 652,800 θ₂, sum_w=1565.605408
    T3: 326,400 θ₂, sum_w=782.802704
    T4: 163,200 θ₂, sum_w=391.401352
    T5: 81,600 θ₂, sum_w=195.700676
  class 123 g_seed=123 ...
    T1: 1,305,600 θ₂, sum_w=3189.707252
    T2: 652,800 θ₂, sum_w=1594.853626
    T3: 326,400 θ₂, sum_w=797.426813
    T4: 163,200 θ₂, sum_w=398.713406
    T5: 81,600 θ₂, sum_w=199.356703
  class 437 g_seed=437 ...
    T1: 1,305,600 θ₂, sum_w=3390.164814
    T2: 652,800 θ₂, sum_w=1695.082407
    T3: 326,400 θ₂, sum_w=847.541204
    T4: 163,200 θ₂, sum_w=423.770602
    T5: 81,600 θ₂, sum_w=211.885301
  class 701 g_seed=701 ...
    T1: 1,305,600 θ₂, sum_w=3164.978600
    T2: 652,800 θ₂, sum_w=1582.489300
    T3: 326,400 θ₂, sum_w=791.244650
    T4: 163,200 θ₂, sum_w=395.622325
    T5: 81,600 θ₂, sum_w=197.811162
T1: 6,528,000 samples, weight_sum=16005.896848, fitting k=16 ...
  saved -> /home/jasonpan0930/var_research/VAR_polarQuant/polar_quant_dumps/theta2_kmeans_d30_v_T1/codebook.json
  backend=numpy_lloyd weighted_angle_mse=6.806657e-04
  T1 centroids: 0.109899, 0.221875, 0.319407, 0.410215, 0.496792, 0.580842, 0.662462, 0.742073, 0.820856, 0.900996, 0.983273, 1.067766, 1.154805, 1.245990, 1.344276, 1.458242
T2: 3,264,000 samples, weight_sum=8002.948424, fitting k=16 ...
  saved -> /home/jasonpan0930/var_research/VAR_polarQuant/polar_quant_dumps/theta2_kmeans_d30_v_T2/codebook.json
  backend=numpy_lloyd weighted_angle_mse=4.657356e-04
  T2 centroids: 0.209899, 0.321820, 0.408814, 0.485180, 0.553728, 0.617666, 0.680992, 0.742180, 0.803151, 0.866370, 0.930047, 0.996544, 1.068802, 1.147431, 1.236388, 1.351328
T3: 1,632,000 samples, weight_sum=4001.474212, fitting k=16 ...
  saved -> /home/jasonpan0930/var_research/VAR_polarQuant/polar_quant_dumps/theta2_kmeans_d30_v_T3/codebook.json
  backend=numpy_lloyd weighted_angle_mse=2.848742e-04
  T3 centroids: 0.320496, 0.425880, 0.503216, 0.568406, 0.623435, 0.675573, 0.723474, 0.771113, 0.816140, 0.862903, 0.908977, 0.959748, 1.012496, 1.075414, 1.151263, 1.253739
T4: 816,000 samples, weight_sum=2000.737106, fitting k=4 ...
  saved -> /home/jasonpan0930/var_research/VAR_polarQuant/polar_quant_dumps/theta2_kmeans_d30_v_T4/codebook.json
  backend=numpy_lloyd weighted_angle_mse=2.079026e-03
  T4 centroids: 0.586528, 0.729345, 0.850384, 0.993286
T5: 408,000 samples, weight_sum=1000.368553, fitting k=4 ...
  saved -> /home/jasonpan0930/var_research/VAR_polarQuant/polar_quant_dumps/theta2_kmeans_d30_v_T5/codebook.json
  backend=numpy_lloyd weighted_angle_mse=1.145830e-03
  T5 centroids: 0.594431, 0.706418, 0.796253, 0.901286
per-level codebooks done (V)
done (per-level)
